Microchip MPLAB XC8 Compiler V1.35 ()

Linker command line:

--edf=C:\Program Files (x86)\Microchip\xc8\v1.35\dat\en_msgs.txt -cs \
  -h+dist/default/production\RFP_Proj4.X.production.sym \
  --cmf=dist/default/production\RFP_Proj4.X.production.cmf -z -Q18LF26K22 \
  -oC:\Users\jreed\AppData\Local\Temp\s5o0.2 \
  -Mdist/default/production/RFP_Proj4.X.production.map -E1 -ver=XC8 \
  -ASTACK=01EEh-0f37h -pstack=STACK -ACODE=00h-0FFFFh -ACONST=00h-0FFFFh \
  -ASMALLCONST=01000h-010FFhx240 -AMEDIUMCONST=01000h-0FFFFh \
  -ACOMRAM=01h-05Fh -AABS1=00h-0F37h -ABIGRAM=01h-0F37h \
  -ARAM=060h-0FFh,0100h-01FFhx14,0F00h-0F37h -ABANK0=060h-0FFh \
  -ABANK1=0100h-01FFh -ABANK2=0200h-02FFh -ABANK3=0300h-03FFh \
  -ABANK4=0400h-04FFh -ABANK5=0500h-05FFh -ABANK6=0600h-06FFh \
  -ABANK7=0700h-07FFh -ABANK8=0800h-08FFh -ABANK9=0900h-09FFh \
  -ABANK10=0A00h-0AFFh -ABANK11=0B00h-0BFFh -ABANK12=0C00h-0CFFh \
  -ABANK13=0D00h-0DFFh -ABANK14=0E00h-0EFFh -ABANK15=0F00h-0F37h \
  -ASFR=0F38h-0F5Fh,0F60h-0FFFh \
  -preset_vec=00h,intcode=08h,intcodelo=018h,powerup,init,end_init \
  -pramtop=01000h -psmallconst=SMALLCONST -pmediumconst=MEDIUMCONST \
  -pconst=CONST -AFARRAM=00h-00h -ACONFIG=0300000h-030000Dh -pconfig=CONFIG \
  -AIDLOC=0200000h-0200007h -pidloc=IDLOC -AEEDATA=0F00000h-0F003FFh \
  -peeprom_data=EEDATA \
  -prdata=COMRAM,nvrram=COMRAM,nvbit=COMRAM,rbss=COMRAM,rbit=COMRAM \
  -pfarbss=FARRAM,fardata=FARRAM,nvFARRAM=FARRAM \
  -pintsave_regs=BIGRAM,bigbss=BIGRAM,bigdata=BIGRAM -pbss=RAM \
  -pidata=CODE,irdata=CODE,ibigdata=CODE,ifardata=CODE -prparam=COMRAM \
  C:\Users\jreed\AppData\Local\Temp\s5o0.obj \
  dist/default/production\RFP_Proj4.X.production.obj 

Object code version is 3.11

Machine type is 18LF26K22

Call graph: (short form)




                Name                               Link     Load   Length Selector   Space Scale
C:\Users\jreed\AppData\Local\Temp\s5o0.obj
                end_init                             48       48        4        C       0
                reset_vec                             0        0        4        0       0
                idloc                            200000   200000        8   200000       0
                config                           300000   300000        E   300000       0
dist/default/production\RFP_Proj4.X.production.obj
                intcodelo                            18       18       30        C       0
                intcode                               8        8        6        4       0
                temp                                 5C       5C        1        1       1
                mediumconst                        FEB4     FEB4      14C     7F5A       0
                intcode_body                       13DA     13DA        4        C       0
                text55                             13D6     13D6        4        C       0
                text53                             12F2     12F2       18        C       0
                text52                              C20      C20       82        C       0
                text51                             12DA     12DA       18        C       0
                text50                             134C     134C       16        C       0
                text49                             1090     1090       36        C       0
                text48                             13C8     13C8        6        C       0
                text47                              D16      D16       72        C       0
                text46                             12A8     12A8       1A        C       0
                text45                             10C6     10C6       30        C       0
                text44                             12C2     12C2       18        C       0
                text43                             1336     1336       16        C       0
                text42                             11D0     11D0       28        C       0
                text41                              AD0      AD0       AA        C       0
                text40                             117C     117C       2C        C       0
                text39                             11A8     11A8       28        C       0
                text38                              7A8      7A8       E4        C       0
                text37                              ECA      ECA       56        C       0
                text36                             128E     128E       1A        C       0
                text35                              88C      88C       CE        C       0
                text34                              57A      57A      128        C       0
                text33                              FC2      FC2       4E        C       0
                text32                              DF8      DF8       6E        C       0
                text31                              A1C      A1C       B4        C       0
                text30                             1274     1274       1A        C       0
                text29                              B7A      B7A       A6        C       0
                text28                             1150     1150       2C        C       0
                text27                             10F6     10F6       2E        C       0
                text26                             1124     1124       2C        C       0
                text25                              6A2      6A2      106        C       0
                text24                             11F8     11F8       24        C       0
                text23                             125A     125A       1A        C       0
                text22                             139E     139E        C        C       0
                text21                             13D2     13D2        4        C       0
                text20                             1392     1392        C        C       0
                text19                              CA2      CA2       74        C       0
                text18                              D88      D88       70        C       0
                text17                               4C       4C      2DE        C       0
                text16                             121C     121C       20        C       0
                text15                             1320     1320       16        C       0
                text14                             13B4     13B4        8        C       0
                text13                             1362     1362       14        C       0
                text12                             13C2     13C2        6        C       0
                text11                              F72      F72       50        C       0
                text10                             123C     123C       1E        C       0
                text9                              1384     1384        E        C       0
                text8                              13BC     13BC        6        C       0
                text7                              1376     1376        E        C       0
                text6                              130A     130A       16        C       0
                text5                               95A      95A       C2        C       0
                text4                              13AA     13AA        A        C       0
                text3                              1054     1054       3C        C       0
                text2                               32A      32A      250        C       0
                text1                              13CE     13CE        4        C       0
                text0                               E66      E66       64        C       0
                cstackCOMRAM                         42       42       19        1       1
                cstackBANK0                          F7       F7        1       60       1
                bssBANK1                            100      100       EE      100       1
                dataBANK0                            B3       B3       44       60       1
                bssBANK0                             60       60       53       60       1
                bssCOMRAM                             1        1       41        1       1
                cinit                               F20      F20       52        C       0
                nvCOMRAM                             5B       5B        1        1       1
                idataBANK0                         1010     1010       44        C       0

TOTAL           Name                               Link     Load   Length     Space
        CLASS   STACK          

        CLASS   CODE           
                end_init                             48       48        4         0
                intcodelo                            18       18       30         0
                intcode                               8        8        6         0
                reset_vec                             0        0        4         0
                intcode_body                       13DA     13DA        4         0
                text55                             13D6     13D6        4         0
                text53                             12F2     12F2       18         0
                text52                              C20      C20       82         0
                text51                             12DA     12DA       18         0
                text50                             134C     134C       16         0
                text49                             1090     1090       36         0
                text48                             13C8     13C8        6         0
                text47                              D16      D16       72         0
                text46                             12A8     12A8       1A         0
                text45                             10C6     10C6       30         0
                text44                             12C2     12C2       18         0
                text43                             1336     1336       16         0
                text42                             11D0     11D0       28         0
                text41                              AD0      AD0       AA         0
                text40                             117C     117C       2C         0
                text39                             11A8     11A8       28         0
                text38                              7A8      7A8       E4         0
                text37                              ECA      ECA       56         0
                text36                             128E     128E       1A         0
                text35                              88C      88C       CE         0
                text34                              57A      57A      128         0
                text33                              FC2      FC2       4E         0
                text32                              DF8      DF8       6E         0
                text31                              A1C      A1C       B4         0
                text30                             1274     1274       1A         0
                text29                              B7A      B7A       A6         0
                text28                             1150     1150       2C         0
                text27                             10F6     10F6       2E         0
                text26                             1124     1124       2C         0
                text25                              6A2      6A2      106         0
                text24                             11F8     11F8       24         0
                text23                             125A     125A       1A         0
                text22                             139E     139E        C         0
                text21                             13D2     13D2        4         0
                text20                             1392     1392        C         0
                text19                              CA2      CA2       74         0
                text18                              D88      D88       70         0
                text17                               4C       4C      2DE         0
                text16                             121C     121C       20         0
                text15                             1320     1320       16         0
                text14                             13B4     13B4        8         0
                text13                             1362     1362       14         0
                text12                             13C2     13C2        6         0
                text11                              F72      F72       50         0
                text10                             123C     123C       1E         0
                text9                              1384     1384        E         0
                text8                              13BC     13BC        6         0
                text7                              1376     1376        E         0
                text6                              130A     130A       16         0
                text5                               95A      95A       C2         0
                text4                              13AA     13AA        A         0
                text3                              1054     1054       3C         0
                text2                               32A      32A      250         0
                text1                              13CE     13CE        4         0
                text0                               E66      E66       64         0
                cinit                               F20      F20       52         0
                idataBANK0                         1010     1010       44         0

        CLASS   CONST          

        CLASS   SMALLCONST     

        CLASS   MEDIUMCONST    
                mediumconst                        FEB4     FEB4      14C         0

        CLASS   COMRAM         
                temp                                 5C       5C        1         1
                cstackCOMRAM                         42       42       19         1
                bssCOMRAM                             1        1       41         1
                nvCOMRAM                             5B       5B        1         1

        CLASS   ABS1           

        CLASS   BIGRAM         

        CLASS   RAM            

        CLASS   BANK0          
                cstackBANK0                          F7       F7        1         1
                dataBANK0                            B3       B3       44         1
                bssBANK0                             60       60       53         1

        CLASS   BANK1          
                bssBANK1                            100      100       EE         1

        CLASS   BANK2          

        CLASS   BANK3          

        CLASS   BANK4          

        CLASS   BANK5          

        CLASS   BANK6          

        CLASS   BANK7          

        CLASS   BANK8          

        CLASS   BANK9          

        CLASS   BANK10         

        CLASS   BANK11         

        CLASS   BANK12         

        CLASS   BANK13         

        CLASS   BANK14         

        CLASS   BANK15         

        CLASS   SFR            

        CLASS   FARRAM         

        CLASS   CONFIG         
                config                           300000   300000        E         0

        CLASS   IDLOC          
                idloc                            200000   200000        8         0

        CLASS   EEDATA         



SEGMENTS        Name                           Load    Length   Top    Selector   Space  Class

                reset_vec                      000000  000004  000004         0       0  CODE    
                bssCOMRAM                      000001  00005C  00005D         1       1  COMRAM  
                intcode                        000008  000006  00000E         4       0  CODE    
                intcodelo                      000018  0013C6  0013DE         C       0  CODE    
                bssBANK0                       000060  000098  0000F8        60       1  BANK0   
                bssBANK1                       000100  0000EE  0001EE       100       1  BANK1   
                mediumconst                    00FEB4  00014C  010000      7F5A       0  MEDIUMCO
                idloc                          200000  000008  200008    200000       0  IDLOC   
                config                         300000  00000E  30000E    300000       0  CONFIG  


UNUSED ADDRESS RANGES

        Name                Unused          Largest block    Delta
        BANK0            0000F8-0000FF                8
        BANK1            0001EE-0001FF               12
        BANK10           000A00-000AFF              100
        BANK11           000B00-000BFF              100
        BANK12           000C00-000CFF              100
        BANK13           000D00-000DFF              100
        BANK14           000E00-000EFF              100
        BANK15           000F00-000F37               38
        BANK2            000200-0002FF              100
        BANK3            000300-0003FF              100
        BANK4            000400-0004FF              100
        BANK5            000500-0005FF              100
        BANK6            000600-0006FF              100
        BANK7            000700-0007FF              100
        BANK8            000800-0008FF              100
        BANK9            000900-0009FF              100
        BIGRAM           00005D-00005F                3
                         0000F8-0000FF                8
                         0001EE-000F37              D4A
        CODE             000004-000007                4
                         00000E-000017                A
                         0013DE-00FEB3             EAD6
        COMRAM           00005D-00005F                3
        CONST            000004-000007                4
                         00000E-000017                A
                         0013DE-00FEB3             EAD6
        EEDATA           F00000-F003FF              400
        MEDIUMCONST      0013DE-00FEB3             EAD6
        RAM              0000F8-0000FF                8
                         0001EE-000F37              100
        SFR              000F38-000FFF               28
        SMALLCONST       0013DE-00FEB3              100
        STACK            0001EE-000F37              D4A

                                  Symbol Table

?_AtoI                              cstackCOMRAM 000045
?_HtoU16                            cstackCOMRAM 000049
?_strlen                            cstackCOMRAM 000045
AtoI@f                              cstackCOMRAM 000049
AtoI@n                              cstackCOMRAM 00004B
AtoI@p                              cstackCOMRAM 000045
BtoH@S                              cstackCOMRAM 000045
BtoH@k                              cstackCOMRAM 000048
BtoH@val                            cstackCOMRAM 000047
BtoHnz@S                            cstackCOMRAM 000045
BtoHnz@k                            cstackCOMRAM 000048
BtoHnz@val                          cstackCOMRAM 000047
CMDS_Process@signal_done            cstackCOMRAM 000059
CMDS_SetInputStr@StrInp             cstackCOMRAM 000045
HtoU16@ch                           cstackCOMRAM 000052
HtoU16@i                            cstackCOMRAM 000051
HtoU16@j                            cstackCOMRAM 00004E
HtoU16@pstr                         cstackCOMRAM 000049
HtoU16@sum                          cstackCOMRAM 00004F
I2C_1master_Process@tmpb            cstackCOMRAM 000053
I2C_1master_SendCmd@complptr        cstackCOMRAM 000049
I2C_1master_SendCmd@dptr            cstackCOMRAM 000045
I2C_1master_SendCmd@listptr         cstackCOMRAM 00004B
I2C_1master_SendCmd@lqitem          cstackCOMRAM 00004D
I2C_1master_SendCmd@wptr            cstackCOMRAM 000047
ItoH@S                              cstackCOMRAM 000047
ItoH@k                              cstackCOMRAM 00004C
ItoH@val                            cstackCOMRAM 000045
PICRegs_Init_EUSART1@spbrg          cstackCOMRAM 000045
RTC_SetComplete@retv                cstackCOMRAM 000050
RTC_SetTime@TA                      cstackCOMRAM 00004E
RTC_SetTime@i                       cstackCOMRAM 00004F
RTC_ShowTime@dow                    cstackCOMRAM 000052
RTC_ShowTime@retv                   cstackCOMRAM 000053
SER_Print16@pstr                    cstackCOMRAM 00004E
SER_Print16@val                     cstackCOMRAM 000050
SER_Print16N@pstr                   cstackCOMRAM 00004E
SER_Print16N@val                    cstackCOMRAM 000050
SER_Print8@pstr                     cstackCOMRAM 00004E
SER_Print8@val                      cstackCOMRAM 000050
SER_Print8N@pstr                    cstackCOMRAM 00004E
SER_Print8N@val                     cstackCOMRAM 000050
SER_PrintCH@ch                      cstackCOMRAM 00004E
SER_PrintSTR@pstr                   cstackCOMRAM 00004E
SER_PrintSTRram@pstr                cstackCOMRAM 00004E
SER_Send@aval                       cstackCOMRAM 000049
SER_Send@completionptr              cstackCOMRAM 000047
SER_Send@lqitem                     cstackCOMRAM 00004C
SER_Send@otype                      cstackCOMRAM 00004B
SER_Send@sptr                       cstackCOMRAM 000045
SerialOutp_Process@end_of_string    cstackCOMRAM 00004F
SerialOutp_Process@lotype           cstackCOMRAM 000050
TIM_GetDeltaB@OriginalTime          cstackCOMRAM 000045
TIM_GetDeltaB@v                     cstackCOMRAM 000046
_ADCON0                             (abs)        000FC2
_ADCON1                             (abs)        000FC1
_ADCON2                             (abs)        000FC0
_ANSELA                             (abs)        000F38
_ANSELB                             (abs)        000F39
_ANSELC                             (abs)        000F3A
_AtoI                               text31       000A1C
_BAUDCON1                           (abs)        000FB8
_BAUDCON1bits                       (abs)        000FB8
_BtoH                               text3        001054
_BtoHnz                             text45       0010C6
_CMDS_DisplayVersion                text49       001090
_CMDS_Init                          text53       0012F2
_CMDS_Process                       text25       0006A2
_CMDS_SetInputStr                   text7        001376
_HighIsr                            intcode      000008
_HtoU16                             text38       0007A8
_I2C_1master_Init                   text23       00125A
_I2C_1master_Process                text17       00004C
_I2C_1master_SendCmd                text47       000D16
_INTCON2bits                        (abs)        000FF1
_INTCONbits                         (abs)        000FF2
_ItoH                               text37       000ECA
_LATA                               (abs)        000F89
_LATB                               (abs)        000F8A
_LATC                               (abs)        000F8B
_LowISR                             intcodelo    000018
_OSCCON2bits                        (abs)        000FD2
_OSCCONbits                         (abs)        000FD3
_OSCTUNEbits                        (abs)        000F9B
_PICRegs_Init_EUSART1               text16       00121C
_PICRegs_Init_I2C1                  text15       001320
_PICRegs_Init_Interrupts            text14       0013B4
_PICRegs_Init_Oscillator            text13       001362
_PICRegs_Init_PortBPullups          text12       0013C2
_PICRegs_Init_Ports                 text11       000F72
_PICRegs_Init_TMR0                  text10       00123C
_PIR1bits                           (abs)        000F9E
_PIR2bits                           (abs)        000FA1
_PORTA                              (abs)        000F80
_PORTB                              (abs)        000F81
_PORTC                              (abs)        000F82
_RCONbits                           (abs)        000FD0
_RCREG1                             (abs)        000FAE
_RCSTA1                             (abs)        000FAB
_RCSTA1bits                         (abs)        000FAB
_RTC_GetTime                        text46       0012A8
_RTC_Init                           text9        001384
_RTC_SetComplete                    text28       001150
_RTC_SetTime                        text33       000FC2
_RTC_SetTime_Canned                 text27       0010F6
_RTC_ShowTime                       text41       000AD0
_SER_Print16                        text30       001274
_SER_Print16N                       text36       00128E
_SER_Print8                         text44       0012C2
_SER_Print8N                        text51       0012DA
_SER_PrintCH                        text6        00130A
_SER_PrintSTR                       text50       00134C
_SER_PrintSTRram                    text43       001336
_SER_Send                           text52       000C20
_SLRCON                             (abs)        000F60
_SPBRG1                             (abs)        000FAF
_SPBRGH1                            (abs)        000FB0
_SSP1ADD                            (abs)        000FC8
_SSP1BUF                            (abs)        000FC9
_SSP1CON1                           (abs)        000FC6
_SSP1CON1bits                       (abs)        000FC6
_SSP1CON2                           (abs)        000FC5
_SSP1CON2bits                       (abs)        000FC5
_SSP1STATbits                       (abs)        000FC7
_SerialInp_Init                     text8        0013BC
_SerialInp_Process                  text5        00095A
_SerialInp_SignalCmdDone            text48       0013C8
_SerialOutp_Init                    text4        0013AA
_SerialOutp_Process                 text2        00032A
_T0CONbits                          (abs)        000FD5
_TIM_1ms_Interrupt                  text55       0013D6
_TIM_GetDeltaB                      text22       00139E
_TIM_GetTickB                       text21       0013D2
_TIM_Init                           text1        0013CE
_TIM_TickB                          bssCOMRAM    00000F
_TMR0H                              (abs)        000FD7
_TMR0L                              (abs)        000FD6
_TRISA                              (abs)        000F92
_TRISAbits                          (abs)        000F92
_TRISB                              (abs)        000F93
_TRISBbits                          (abs)        000F93
_TRISC                              (abs)        000F94
_TRISCbits                          (abs)        000F94
_TXREG1                             (abs)        000FAD
_TXSTA1                             (abs)        000FAC
_TXSTA1bits                         (abs)        000FAC
_WPUB                               (abs)        000F61
__CFG_BOREN$SBORDIS                 (abs)        000000
__CFG_BORV$285                      (abs)        000000
__CFG_CCP2MX$PORTC1                 (abs)        000000
__CFG_CCP3MX$PORTC6                 (abs)        000000
__CFG_CP0$OFF                       (abs)        000000
__CFG_CP1$OFF                       (abs)        000000
__CFG_CP2$OFF                       (abs)        000000
__CFG_CP3$OFF                       (abs)        000000
__CFG_CPB$OFF                       (abs)        000000
__CFG_CPD$OFF                       (abs)        000000
__CFG_EBTR0$OFF                     (abs)        000000
__CFG_EBTR1$OFF                     (abs)        000000
__CFG_EBTR2$OFF                     (abs)        000000
__CFG_EBTR3$OFF                     (abs)        000000
__CFG_EBTRB$OFF                     (abs)        000000
__CFG_FCMEN$OFF                     (abs)        000000
__CFG_FOSC$INTIO67                  (abs)        000000
__CFG_HFOFST$OFF                    (abs)        000000
__CFG_IESO$OFF                      (abs)        000000
__CFG_LVP$OFF                       (abs)        000000
__CFG_MCLRE$EXTMCLR                 (abs)        000000
__CFG_P2BMX$PORTB5                  (abs)        000000
__CFG_PBADEN$OFF                    (abs)        000000
__CFG_PLLCFG$ON                     (abs)        000000
__CFG_PRICLKEN$OFF                  (abs)        000000
__CFG_PWRTEN$OFF                    (abs)        000000
__CFG_STVREN$ON                     (abs)        000000
__CFG_T3CMX$PORTC0                  (abs)        000000
__CFG_WDTEN$SWON                    (abs)        000000
__CFG_WDTPS$2048                    (abs)        000000
__CFG_WRT0$OFF                      (abs)        000000
__CFG_WRT1$OFF                      (abs)        000000
__CFG_WRT2$OFF                      (abs)        000000
__CFG_WRT3$OFF                      (abs)        000000
__CFG_WRTB$OFF                      (abs)        000000
__CFG_WRTC$OFF                      (abs)        000000
__CFG_WRTD$OFF                      (abs)        000000
__CFG_XINST$OFF                     (abs)        000000
__HRAM                              (abs)        000000
__Habs1                             abs1         000000
__Hbank0                            bank0        000000
__Hbank1                            bank1        000000
__Hbank10                           bank10       000000
__Hbank11                           bank11       000000
__Hbank12                           bank12       000000
__Hbank13                           bank13       000000
__Hbank14                           bank14       000000
__Hbank15                           bank15       000000
__Hbank2                            bank2        000000
__Hbank3                            bank3        000000
__Hbank4                            bank4        000000
__Hbank5                            bank5        000000
__Hbank6                            bank6        000000
__Hbank7                            bank7        000000
__Hbank8                            bank8        000000
__Hbank9                            bank9        000000
__Hbigbss                           bigbss       000000
__Hbigdata                          bigdata      000000
__Hbigram                           bigram       000000
__Hbss                              bss          000000
__HbssBANK0                         bssBANK0     000000
__HbssBANK1                         bssBANK1     000000
__HbssCOMRAM                        bssCOMRAM    000000
__Hcinit                            cinit        000000
__Hclrtext                          clrtext      000000
__Hcomram                           comram       000000
__Hconfig                           config       30000E
__Hconst                            const        000000
__HcstackBANK0                      cstackBANK0  000000
__HcstackCOMRAM                     cstackCOMRAM 000000
__Hdata                             data         000000
__HdataBANK0                        dataBANK0    000000
__Heeprom_data                      eeprom_data  000000
__Hend_init                         end_init     00004C
__Hfarbss                           farbss       000000
__Hfardata                          fardata      000000
__Hibigdata                         ibigdata     000000
__Hidata                            idata        000000
__HidataBANK0                       idataBANK0   000000
__Hidloc                            idloc        200008
__Hifardata                         ifardata     000000
__Hinit                             init         000048
__Hintcode                          intcode      00000E
__Hintcode_body                     intcode_body 000000
__Hintcodelo                        intcodelo    000048
__Hintentry                         intentry     000000
__Hintret                           intret       000000
__Hintsave_regs                     intsave_regs 000000
__Hirdata                           irdata       000000
__Hmediumconst                      mediumconst  010000
__HnvCOMRAM                         nvCOMRAM     000000
__HnvFARRAM                         nvFARRAM     000000
__Hnvbit                            nvbit        000000
__Hnvrram                           nvrram       000000
__Hparam                            rparam       000000
__Hpowerup                          powerup      000048
__Hram                              ram          000000
__Hramtop                           ramtop       001000
__Hrbit                             rbit         000000
__Hrbss                             rbss         000000
__Hrdata                            rdata        000000
__Hreset_vec                        reset_vec    000004
__Hrparam                           rparam       000000
__Hsfr                              sfr          000000
__Hsmallconst                       smallconst   000000
__Hspace_0                          (abs)        30000E
__Hspace_1                          (abs)        0001EE
__Hspace_2                          (abs)        000000
__Hstack                            stack        000000
__Hstruct                           struct       000000
__Htemp                             temp         00005D
__Htext                             text         000000
__Htext0                            text0        000000
__Htext1                            text1        000000
__Htext10                           text10       000000
__Htext11                           text11       000000
__Htext12                           text12       000000
__Htext13                           text13       000000
__Htext14                           text14       000000
__Htext15                           text15       000000
__Htext16                           text16       000000
__Htext17                           text17       000000
__Htext18                           text18       000000
__Htext19                           text19       000000
__Htext2                            text2        000000
__Htext20                           text20       000000
__Htext21                           text21       000000
__Htext22                           text22       000000
__Htext23                           text23       000000
__Htext24                           text24       000000
__Htext25                           text25       000000
__Htext26                           text26       000000
__Htext27                           text27       000000
__Htext28                           text28       000000
__Htext29                           text29       000000
__Htext3                            text3        000000
__Htext30                           text30       000000
__Htext31                           text31       000000
__Htext32                           text32       000000
__Htext33                           text33       000000
__Htext34                           text34       000000
__Htext35                           text35       000000
__Htext36                           text36       000000
__Htext37                           text37       000000
__Htext38                           text38       000000
__Htext39                           text39       000000
__Htext4                            text4        000000
__Htext40                           text40       000000
__Htext41                           text41       000000
__Htext42                           text42       000000
__Htext43                           text43       000000
__Htext44                           text44       000000
__Htext45                           text45       000000
__Htext46                           text46       000000
__Htext47                           text47       000000
__Htext48                           text48       000000
__Htext49                           text49       000000
__Htext5                            text5        000000
__Htext50                           text50       000000
__Htext51                           text51       000000
__Htext52                           text52       000000
__Htext53                           text53       000000
__Htext55                           text55       000000
__Htext6                            text6        000000
__Htext7                            text7        000000
__Htext8                            text8        000000
__Htext9                            text9        000000
__LRAM                              (abs)        000001
__Labs1                             abs1         000000
__Lbank0                            bank0        000000
__Lbank1                            bank1        000000
__Lbank10                           bank10       000000
__Lbank11                           bank11       000000
__Lbank12                           bank12       000000
__Lbank13                           bank13       000000
__Lbank14                           bank14       000000
__Lbank15                           bank15       000000
__Lbank2                            bank2        000000
__Lbank3                            bank3        000000
__Lbank4                            bank4        000000
__Lbank5                            bank5        000000
__Lbank6                            bank6        000000
__Lbank7                            bank7        000000
__Lbank8                            bank8        000000
__Lbank9                            bank9        000000
__Lbigbss                           bigbss       000000
__Lbigdata                          bigdata      000000
__Lbigram                           bigram       000000
__Lbss                              bss          000000
__LbssBANK0                         bssBANK0     000000
__LbssBANK1                         bssBANK1     000000
__LbssCOMRAM                        bssCOMRAM    000000
__Lcinit                            cinit        000000
__Lclrtext                          clrtext      000000
__Lcomram                           comram       000000
__Lconfig                           config       300000
__Lconst                            const        000000
__LcstackBANK0                      cstackBANK0  000000
__LcstackCOMRAM                     cstackCOMRAM 000000
__Ldata                             data         000000
__LdataBANK0                        dataBANK0    000000
__Leeprom_data                      eeprom_data  000000
__Lend_init                         end_init     000048
__Lfarbss                           farbss       000000
__Lfardata                          fardata      000000
__Libigdata                         ibigdata     000000
__Lidata                            idata        000000
__LidataBANK0                       idataBANK0   000000
__Lidloc                            idloc        200000
__Lifardata                         ifardata     000000
__Linit                             init         000048
__Lintcode                          intcode      000008
__Lintcode_body                     intcode_body 000000
__Lintcodelo                        intcodelo    000018
__Lintentry                         intentry     000000
__Lintret                           intret       000000
__Lintsave_regs                     intsave_regs 000000
__Lirdata                           irdata       000000
__Lmediumconst                      mediumconst  00FEB4
__LnvCOMRAM                         nvCOMRAM     000000
__LnvFARRAM                         nvFARRAM     000000
__Lnvbit                            nvbit        000000
__Lnvrram                           nvrram       000000
__Lparam                            rparam       000000
__Lpowerup                          powerup      000048
__Lram                              ram          000000
__Lramtop                           ramtop       001000
__Lrbit                             rbit         000000
__Lrbss                             rbss         000000
__Lrdata                            rdata        000000
__Lreset_vec                        reset_vec    000000
__Lrparam                           rparam       000000
__Lsfr                              sfr          000000
__Lsmallconst                       smallconst   000000
__Lspace_0                          (abs)        000000
__Lspace_1                          (abs)        000000
__Lspace_2                          (abs)        000000
__Lstack                            stack        000000
__Lstruct                           struct       000000
__Ltemp                             temp         00005C
__Ltext                             text         000000
__Ltext0                            text0        000000
__Ltext1                            text1        000000
__Ltext10                           text10       000000
__Ltext11                           text11       000000
__Ltext12                           text12       000000
__Ltext13                           text13       000000
__Ltext14                           text14       000000
__Ltext15                           text15       000000
__Ltext16                           text16       000000
__Ltext17                           text17       000000
__Ltext18                           text18       000000
__Ltext19                           text19       000000
__Ltext2                            text2        000000
__Ltext20                           text20       000000
__Ltext21                           text21       000000
__Ltext22                           text22       000000
__Ltext23                           text23       000000
__Ltext24                           text24       000000
__Ltext25                           text25       000000
__Ltext26                           text26       000000
__Ltext27                           text27       000000
__Ltext28                           text28       000000
__Ltext29                           text29       000000
__Ltext3                            text3        000000
__Ltext30                           text30       000000
__Ltext31                           text31       000000
__Ltext32                           text32       000000
__Ltext33                           text33       000000
__Ltext34                           text34       000000
__Ltext35                           text35       000000
__Ltext36                           text36       000000
__Ltext37                           text37       000000
__Ltext38                           text38       000000
__Ltext39                           text39       000000
__Ltext4                            text4        000000
__Ltext40                           text40       000000
__Ltext41                           text41       000000
__Ltext42                           text42       000000
__Ltext43                           text43       000000
__Ltext44                           text44       000000
__Ltext45                           text45       000000
__Ltext46                           text46       000000
__Ltext47                           text47       000000
__Ltext48                           text48       000000
__Ltext49                           text49       000000
__Ltext5                            text5        000000
__Ltext50                           text50       000000
__Ltext51                           text51       000000
__Ltext52                           text52       000000
__Ltext53                           text53       000000
__Ltext55                           text55       000000
__Ltext6                            text6        000000
__Ltext7                            text7        000000
__Ltext8                            text8        000000
__Ltext9                            text9        000000
__S0                                (abs)        30000E
__S1                                (abs)        0001EE
__S2                                (abs)        000000
___inthi_sp                         stack        000000
___intlo_sp                         stack        000000
___param_bank                       (abs)        000010
___rparam_used                      (abs)        000001
___sp                               stack        000000
__accesstop                         (abs)        000060
__activetblptr                      (abs)        000002
__end_of_AtoI                       text31       000AD0
__end_of_BtoH                       text3        001090
__end_of_BtoHnz                     text45       0010F6
__end_of_CMDS_DisplayVersion        text49       0010C6
__end_of_CMDS_Init                  text53       00130A
__end_of_CMDS_Process               text25       0007A8
__end_of_CMDS_SetInputStr           text7        001384
__end_of_HighIsr                    intcode_body 0013DE
__end_of_HtoU16                     text38       00088C
__end_of_I2C_1master_Init           text23       001274
__end_of_I2C_1master_Process        text17       00032A
__end_of_I2C_1master_SendCmd        text47       000D88
__end_of_ItoH                       text37       000F20
__end_of_LowISR                     intcodelo    000048
__end_of_PICRegs_Init_EUSART1       text16       00123C
__end_of_PICRegs_Init_I2C1          text15       001336
__end_of_PICRegs_Init_Interrupts    text14       0013BC
__end_of_PICRegs_Init_Oscillator    text13       001376
__end_of_PICRegs_Init_PortBPullups  text12       0013C8
__end_of_PICRegs_Init_Ports         text11       000FC2
__end_of_PICRegs_Init_TMR0          text10       00125A
__end_of_RTC_GetTime                text46       0012C2
__end_of_RTC_Init                   text9        001392
__end_of_RTC_SetComplete            text28       00117C
__end_of_RTC_SetTime                text33       001010
__end_of_RTC_SetTime_Canned         text27       001124
__end_of_RTC_ShowTime               text41       000B7A
__end_of_SER_Print16                text30       00128E
__end_of_SER_Print16N               text36       0012A8
__end_of_SER_Print8                 text44       0012DA
__end_of_SER_Print8N                text51       0012F2
__end_of_SER_PrintCH                text6        001320
__end_of_SER_PrintSTR               text50       001362
__end_of_SER_PrintSTRram            text43       00134C
__end_of_SER_Send                   text52       000CA2
__end_of_SerialInp_Init             text8        0013C2
__end_of_SerialInp_Process          text5        000A1C
__end_of_SerialInp_SignalCmdDone    text48       0013CE
__end_of_SerialOutp_Init            text4        0013B4
__end_of_SerialOutp_Process         text2        00057A
__end_of_TIM_1ms_Interrupt          text55       0013DA
__end_of_TIM_GetDeltaB              text22       0013AA
__end_of_TIM_GetTickB               text21       0013D6
__end_of_TIM_Init                   text1        0013D2
__end_of__initialization            cinit        000F64
__end_of_cmds_A                     text40       0011A8
__end_of_cmds_MD                    text35       00095A
__end_of_cmds_R                     text34       0006A2
__end_of_cmds_ST                    text32       000E66
__end_of_cmds_T                     text29       000C20
__end_of_cmds_Z                     text26       001150
__end_of_i2c_1_bus_collision        text20       00139E
__end_of_i2c_1_do_read_substate     text19       000D16
__end_of_i2c_1_do_write_substate    text18       000DF8
__end_of_main                       text0        000ECA
__end_of_memset                     text24       00121C
__end_of_strcpy                     text42       0011F8
__end_of_strlen                     text39       0011D0
__initialization                    cinit        000F20
__mediumconst                       mediumconst  00FEB4
__pbssBANK0                         bssBANK0     000060
__pbssBANK1                         bssBANK1     000100
__pbssCOMRAM                        bssCOMRAM    000001
__pcinit                            cinit        000F20
__pcstackBANK0                      cstackBANK0  0000F7
__pcstackCOMRAM                     cstackCOMRAM 000042
__pdataBANK0                        dataBANK0    0000B3
__pidataBANK0                       idataBANK0   001010
__pintcode                          intcode      000008
__pintcode_body                     intcode_body 0013DA
__pintcodelo                        intcodelo    000018
__pmediumconst                      mediumconst  00FEB4
__pnvCOMRAM                         nvCOMRAM     00005B
__ptext0                            text0        000E66
__ptext1                            text1        0013CE
__ptext10                           text10       00123C
__ptext11                           text11       000F72
__ptext12                           text12       0013C2
__ptext13                           text13       001362
__ptext14                           text14       0013B4
__ptext15                           text15       001320
__ptext16                           text16       00121C
__ptext17                           text17       00004C
__ptext18                           text18       000D88
__ptext19                           text19       000CA2
__ptext2                            text2        00032A
__ptext20                           text20       001392
__ptext21                           text21       0013D2
__ptext22                           text22       00139E
__ptext23                           text23       00125A
__ptext24                           text24       0011F8
__ptext25                           text25       0006A2
__ptext26                           text26       001124
__ptext27                           text27       0010F6
__ptext28                           text28       001150
__ptext29                           text29       000B7A
__ptext3                            text3        001054
__ptext30                           text30       001274
__ptext31                           text31       000A1C
__ptext32                           text32       000DF8
__ptext33                           text33       000FC2
__ptext34                           text34       00057A
__ptext35                           text35       00088C
__ptext36                           text36       00128E
__ptext37                           text37       000ECA
__ptext38                           text38       0007A8
__ptext39                           text39       0011A8
__ptext4                            text4        0013AA
__ptext40                           text40       00117C
__ptext41                           text41       000AD0
__ptext42                           text42       0011D0
__ptext43                           text43       001336
__ptext44                           text44       0012C2
__ptext45                           text45       0010C6
__ptext46                           text46       0012A8
__ptext47                           text47       000D16
__ptext48                           text48       0013C8
__ptext49                           text49       001090
__ptext5                            text5        00095A
__ptext50                           text50       00134C
__ptext51                           text51       0012DA
__ptext52                           text52       000C20
__ptext53                           text53       0012F2
__ptext55                           text55       0013D6
__ptext6                            text6        00130A
__ptext7                            text7        001376
__ptext8                            text8        0013BC
__ptext9                            text9        001384
__ramtop                            ramtop       001000
__size_of_AtoI                      (abs)        000000
__size_of_BtoH                      (abs)        000000
__size_of_BtoHnz                    (abs)        000000
__size_of_CMDS_DisplayVersion       (abs)        000000
__size_of_CMDS_Init                 (abs)        000000
__size_of_CMDS_Process              (abs)        000000
__size_of_CMDS_SetInputStr          (abs)        000000
__size_of_HighIsr                   (abs)        000000
__size_of_HtoU16                    (abs)        000000
__size_of_I2C_1master_Init          (abs)        000000
__size_of_I2C_1master_Process       (abs)        000000
__size_of_I2C_1master_SendCmd       (abs)        000000
__size_of_ItoH                      (abs)        000000
__size_of_LowISR                    (abs)        000000
__size_of_PICRegs_Init_EUSART1      (abs)        000000
__size_of_PICRegs_Init_I2C1         (abs)        000000
__size_of_PICRegs_Init_Interrupts   (abs)        000000
__size_of_PICRegs_Init_Oscillator   (abs)        000000
__size_of_PICRegs_Init_PortBPullups (abs)        000000
__size_of_PICRegs_Init_Ports        (abs)        000000
__size_of_PICRegs_Init_TMR0         (abs)        000000
__size_of_RTC_GetTime               (abs)        000000
__size_of_RTC_Init                  (abs)        000000
__size_of_RTC_SetComplete           (abs)        000000
__size_of_RTC_SetTime               (abs)        000000
__size_of_RTC_SetTime_Canned        (abs)        000000
__size_of_RTC_ShowTime              (abs)        000000
__size_of_SER_Print16               (abs)        000000
__size_of_SER_Print16N              (abs)        000000
__size_of_SER_Print8                (abs)        000000
__size_of_SER_Print8N               (abs)        000000
__size_of_SER_PrintCH               (abs)        000000
__size_of_SER_PrintSTR              (abs)        000000
__size_of_SER_PrintSTRram           (abs)        000000
__size_of_SER_Send                  (abs)        000000
__size_of_SerialInp_Init            (abs)        000000
__size_of_SerialInp_Process         (abs)        000000
__size_of_SerialInp_SignalCmdDone   (abs)        000000
__size_of_SerialOutp_Init           (abs)        000000
__size_of_SerialOutp_Process        (abs)        000000
__size_of_TIM_1ms_Interrupt         (abs)        000000
__size_of_TIM_GetDeltaB             (abs)        000000
__size_of_TIM_GetTickB              (abs)        000000
__size_of_TIM_Init                  (abs)        000000
__size_of_cmds_A                    (abs)        000000
__size_of_cmds_MD                   (abs)        000000
__size_of_cmds_R                    (abs)        000000
__size_of_cmds_ST                   (abs)        000000
__size_of_cmds_T                    (abs)        000000
__size_of_cmds_Z                    (abs)        000000
__size_of_i2c_1_bus_collision       (abs)        000000
__size_of_i2c_1_do_read_substate    (abs)        000000
__size_of_i2c_1_do_write_substate   (abs)        000000
__size_of_main                      (abs)        000000
__size_of_memset                    (abs)        000000
__size_of_strcpy                    (abs)        000000
__size_of_strlen                    (abs)        000000
__smallconst                        smallconst   000000
_cmds_A                             text40       00117C
_cmds_InpPtr                        bssCOMRAM    000001
_cmds_MD                            text35       00088C
_cmds_R                             text34       00057A
_cmds_ST                            text32       000DF8
_cmds_T                             text29       000B7A
_cmds_TA                            bssCOMRAM    000038
_cmds_Z                             text26       001124
_cmds_byte1                         bssCOMRAM    000010
_cmds_completion                    bssCOMRAM    00003E
_cmds_input_ready                   bssCOMRAM    000011
_cmds_state_machine                 bssCOMRAM    000012
_cmds_word1                         bssCOMRAM    000003
_cmds_xtest                         nvCOMRAM     00005B
_gWeeks                             dataBANK0    0000C3
_hexv                               dataBANK0    0000B3
_i2c_1_activeitem                   bssCOMRAM    000005
_i2c_1_bus_collision                text20       001392
_i2c_1_data                         bssBANK0     000060
_i2c_1_do_read_substate             text19       000CA2
_i2c_1_do_write_substate            text18       000D88
_i2c_1_inn_qindex                   bssCOMRAM    000013
_i2c_1_lccmd                        bssCOMRAM    000014
_i2c_1_lccmdtype                    bssCOMRAM    000015
_i2c_1_lcdptr                       bssCOMRAM    000007
_i2c_1_lclistptr                    bssCOMRAM    000009
_i2c_1_lcnumbytes                   bssCOMRAM    000016
_i2c_1_lcslave                      bssCOMRAM    000017
_i2c_1_lcwdata                      bssCOMRAM    00000B
_i2c_1_num_qitems                   bssCOMRAM    000018
_i2c_1_out_qindex                   bssCOMRAM    000019
_i2c_1_read_substate                bssCOMRAM    00001A
_i2c_1_starttime                    bssCOMRAM    00001B
_i2c_1_state                        bssCOMRAM    00001C
_i2c_1_write_data                   bssCOMRAM    00001D
_i2c_1_write_substate               bssCOMRAM    00001E
_main                               text0        000E66
_memset                             text24       0011F8
_rtc_i2c1_rcompl                    bssCOMRAM    00003F
_rtc_i2c1_wcompl                    bssCOMRAM    000040
_rtc_rbuf                           bssCOMRAM    000027
_rtc_registers                      dataBANK0    0000D1
_rtc_regs_w0                        dataBANK0    0000D9
_rtc_regs_w1                        dataBANK0    0000E1
_rtc_sdat0                          bssBANK0     000083
_rtc_wdata0                         dataBANK0    0000E9
_rtc_wdata1                         bssCOMRAM    000041
_rtc_wdata2                         dataBANK0    0000F0
_serd_active_item                   bssCOMRAM    00000D
_serd_data_items                    bssBANK1     000100
_serd_databuf                       bssCOMRAM    000031
_serd_inn_qindex                    bssCOMRAM    00001F
_serd_num_qitems                    bssCOMRAM    000020
_serd_ostate_machine                bssCOMRAM    000021
_serd_out_qindex                    bssCOMRAM    000022
_seri_CmdDone                       bssCOMRAM    000023
_seri_ch                            bssCOMRAM    000024
_seri_cnt                           bssCOMRAM    000025
_seri_dat                           bssBANK0     00009E
_seri_state_machine                 bssCOMRAM    000026
_strcpy                             text42       0011D0
_strlen                             text39       0011A8
btemp                               temp         00005C
cmds_A@retv                         cstackCOMRAM 000055
cmds_A@state                        cstackCOMRAM 000054
cmds_MD@i                           cstackCOMRAM 000056
cmds_MD@retv                        cstackCOMRAM 000055
cmds_MD@state                       cstackCOMRAM 000054
cmds_R@tmpw                         cstackCOMRAM 000055
cmds_ST@i                           cstackCOMRAM 000057
cmds_ST@k                           cstackCOMRAM 000056
cmds_T@tmp16                        cstackCOMRAM 000053
cmds_T@tmpI                         cstackCOMRAM 000055
cmds_Z@retv                         cstackCOMRAM 000052
cmds_Z@state                        cstackCOMRAM 000051
end_of_initialization               cinit        000F64
i2c_1_do_write_substate@dummy       cstackCOMRAM 000046
int$flags                           temp         00005C
int_func                            intcode_body 0013DA
intlevel0                           text         000000
intlevel1                           text         000000
intlevel2                           text         000000
intlevel3                           text         000000
main@btime                          cstackBANK0  0000F7
memset@c                            cstackCOMRAM 000045
memset@n                            cstackCOMRAM 000047
memset@p                            cstackCOMRAM 00004A
memset@p1                           cstackCOMRAM 000049
stackhi                             (abs)        000F37
stacklo                             (abs)        0001EE
start                               init         000048
start_initialization                cinit        000F20
strcpy@cp                           cstackCOMRAM 000047
strcpy@from                         cstackCOMRAM 000045
strcpy@to                           cstackCOMRAM 000048
strlen@cp                           cstackCOMRAM 000047
strlen@s                            cstackCOMRAM 000045


FUNCTION INFORMATION:

 *************** function _main *****************
 Defined at:
		line 16 in file "main.c"
 Parameters:    Size  Location     Type
		None
 Auto vars:     Size  Location     Type
  btime           1    0[BANK0 ] unsigned char 
 Return value:  Size  Location     Type
		None               void
 Registers used:
		wreg, fsr1l, fsr1h, fsr2l, fsr2h, status,2, status,0, tblptrl, tblptrh, tblptru, prodl, prodh, cstack
 Tracked objects:
		On entry : 
		On exit  : 
		Unchanged: 
 Data sizes:     COMRAM   BANK0   BANK1   BANK2   BANK3   BANK4   BANK5   BANK6   BANK7   BANK8   BANK9  BANK10  BANK11  BANK12  BANK13  BANK14  BANK15
      Params:         0       0       0       0       0       0       0       0       0       0       0       0       0       0       0       0       0
      Locals:         0       1       0       0       0       0       0       0       0       0       0       0       0       0       0       0       0
      Temps:          1       0       0       0       0       0       0       0       0       0       0       0       0       0       0       0       0
      Totals:         1       1       0       0       0       0       0       0       0       0       0       0       0       0       0       0       0
Total ram usage:        2 bytes
 Hardware stack levels required when called:    8
 This function calls:
		_CMDS_DisplayVersion
		_CMDS_Init
		_CMDS_Process
		_I2C_1master_Init
		_I2C_1master_Process
		_PICRegs_Init_EUSART1
		_PICRegs_Init_I2C1
		_PICRegs_Init_Interrupts
		_PICRegs_Init_Oscillator
		_PICRegs_Init_PortBPullups
		_PICRegs_Init_Ports
		_PICRegs_Init_TMR0
		_RTC_Init
		_SerialInp_Init
		_SerialInp_Process
		_SerialOutp_Init
		_SerialOutp_Process
		_TIM_GetDeltaB
		_TIM_GetTickB
		_TIM_Init
 This function is called by:
		Startup code after reset
 This function uses a non-reentrant model


 *************** function _TIM_Init *****************
 Defined at:
		line 15 in file "Timer.c"
 Parameters:    Size  Location     Type
		None
 Auto vars:     Size  Location     Type
		None
 Return value:  Size  Location     Type
		None               void
 Registers used:
		None
 Tracked objects:
		On entry : 
		On exit  : 
		Unchanged: 
 Data sizes:     COMRAM   BANK0   BANK1   BANK2   BANK3   BANK4   BANK5   BANK6   BANK7   BANK8   BANK9  BANK10  BANK11  BANK12  BANK13  BANK14  BANK15
      Params:         0       0       0       0       0       0       0       0       0       0       0       0       0       0       0       0       0
      Locals:         0       0       0       0       0       0       0       0       0       0       0       0       0       0       0       0       0
      Temps:          0       0       0       0       0       0       0       0       0       0       0       0       0       0       0       0       0
      Totals:         0       0       0       0       0       0       0       0       0       0       0       0       0       0       0       0       0
Total ram usage:        0 bytes
 Hardware stack levels used:    1
 Hardware stack levels required when called:    3
 This function calls:
		Nothing
 This function is called by:
		_main
 This function uses a non-reentrant model


 *************** function _SerialOutp_Process *****************
 Defined at:
		line 93 in file "SerialOutp.c"
 Parameters:    Size  Location     Type
		None
 Auto vars:     Size  Location     Type
  lotype          1   14[COMRAM] unsigned char 
  end_of_strin    1   13[COMRAM] unsigned char 
 Return value:  Size  Location     Type
		None               void
 Registers used:
		wreg, fsr1l, fsr1h, fsr2l, fsr2h, status,2, status,0, tblptrl, tblptrh, tblptru, prodl, prodh, cstack
 Tracked objects:
		On entry : 
		On exit  : 
		Unchanged: 
 Data sizes:     COMRAM   BANK0   BANK1   BANK2   BANK3   BANK4   BANK5   BANK6   BANK7   BANK8   BANK9  BANK10  BANK11  BANK12  BANK13  BANK14  BANK15
      Params:         0       0       0       0       0       0       0       0       0       0       0       0       0       0       0       0       0
      Locals:         2       0       0       0       0       0       0       0       0       0       0       0       0       0       0       0       0
      Temps:          2       0       0       0       0       0       0       0       0       0       0       0       0       0       0       0       0
      Totals:         4       0       0       0       0       0       0       0       0       0       0       0       0       0       0       0       0
Total ram usage:        4 bytes
 Hardware stack levels used:    1
 Hardware stack levels required when called:    4
 This function calls:
		_BtoH
		_ItoH
 This function is called by:
		_main
 This function uses a non-reentrant model


 *************** function _BtoH *****************
 Defined at:
		line 25 in file "Misc.c"
 Parameters:    Size  Location     Type
  val             1    wreg     unsigned char 
  S               1    3[COMRAM] PTR unsigned char 
		 -> serd_databuf(7), 
 Auto vars:     Size  Location     Type
  val             1    5[COMRAM] unsigned char 
  k               1    6[COMRAM] char 
 Return value:  Size  Location     Type
		None               void
 Registers used:
		wreg, fsr1l, fsr1h, fsr2l, fsr2h, status,2, status,0
 Tracked objects:
		On entry : 
		On exit  : 
		Unchanged: 
 Data sizes:     COMRAM   BANK0   BANK1   BANK2   BANK3   BANK4   BANK5   BANK6   BANK7   BANK8   BANK9  BANK10  BANK11  BANK12  BANK13  BANK14  BANK15
      Params:         1       0       0       0       0       0       0       0       0       0       0       0       0       0       0       0       0
      Locals:         2       0       0       0       0       0       0       0       0       0       0       0       0       0       0       0       0
      Temps:          1       0       0       0       0       0       0       0       0       0       0       0       0       0       0       0       0
      Totals:         4       0       0       0       0       0       0       0       0       0       0       0       0       0       0       0       0
Total ram usage:        4 bytes
 Hardware stack levels used:    1
 Hardware stack levels required when called:    3
 This function calls:
		Nothing
 This function is called by:
		_SerialOutp_Process
 This function uses a non-reentrant model


 *************** function _SerialOutp_Init *****************
 Defined at:
		line 41 in file "SerialOutp.c"
 Parameters:    Size  Location     Type
		None
 Auto vars:     Size  Location     Type
		None
 Return value:  Size  Location     Type
		None               void
 Registers used:
		None
 Tracked objects:
		On entry : 
		On exit  : 
		Unchanged: 
 Data sizes:     COMRAM   BANK0   BANK1   BANK2   BANK3   BANK4   BANK5   BANK6   BANK7   BANK8   BANK9  BANK10  BANK11  BANK12  BANK13  BANK14  BANK15
      Params:         0       0       0       0       0       0       0       0       0       0       0       0       0       0       0       0       0
      Locals:         0       0       0       0       0       0       0       0       0       0       0       0       0       0       0       0       0
      Temps:          0       0       0       0       0       0       0       0       0       0       0       0       0       0       0       0       0
      Totals:         0       0       0       0       0       0       0       0       0       0       0       0       0       0       0       0       0
Total ram usage:        0 bytes
 Hardware stack levels used:    1
 Hardware stack levels required when called:    3
 This function calls:
		Nothing
 This function is called by:
		_main
 This function uses a non-reentrant model


 *************** function _SerialInp_Process *****************
 Defined at:
		line 38 in file "SerialInp.c"
 Parameters:    Size  Location     Type
		None
 Auto vars:     Size  Location     Type
		None
 Return value:  Size  Location     Type
		None               void
 Registers used:
		wreg, fsr2l, fsr2h, status,2, status,0, prodl, prodh, cstack
 Tracked objects:
		On entry : 
		On exit  : 
		Unchanged: 
 Data sizes:     COMRAM   BANK0   BANK1   BANK2   BANK3   BANK4   BANK5   BANK6   BANK7   BANK8   BANK9  BANK10  BANK11  BANK12  BANK13  BANK14  BANK15
      Params:         0       0       0       0       0       0       0       0       0       0       0       0       0       0       0       0       0
      Locals:         0       0       0       0       0       0       0       0       0       0       0       0       0       0       0       0       0
      Temps:          0       0       0       0       0       0       0       0       0       0       0       0       0       0       0       0       0
      Totals:         0       0       0       0       0       0       0       0       0       0       0       0       0       0       0       0       0
Total ram usage:        0 bytes
 Hardware stack levels used:    1
 Hardware stack levels required when called:    5
 This function calls:
		_CMDS_SetInputStr
		_SER_PrintCH
		_SER_PrintSTR
 This function is called by:
		_main
 This function uses a non-reentrant model


 *************** function _SER_PrintCH *****************
 Defined at:
		line 180 in file "SerialOutp.c"
 Parameters:    Size  Location     Type
  ch              1    wreg     unsigned char 
 Auto vars:     Size  Location     Type
  ch              1   12[COMRAM] unsigned char 
 Return value:  Size  Location     Type
		None               void
 Registers used:
		wreg, fsr2l, fsr2h, status,2, status,0, prodl, prodh, cstack
 Tracked objects:
		On entry : 
		On exit  : 
		Unchanged: 
 Data sizes:     COMRAM   BANK0   BANK1   BANK2   BANK3   BANK4   BANK5   BANK6   BANK7   BANK8   BANK9  BANK10  BANK11  BANK12  BANK13  BANK14  BANK15
      Params:         0       0       0       0       0       0       0       0       0       0       0       0       0       0       0       0       0
      Locals:         1       0       0       0       0       0       0       0       0       0       0       0       0       0       0       0       0
      Temps:          0       0       0       0       0       0       0       0       0       0       0       0       0       0       0       0       0
      Totals:         1       0       0       0       0       0       0       0       0       0       0       0       0       0       0       0       0
Total ram usage:        1 bytes
 Hardware stack levels used:    1
 Hardware stack levels required when called:    4
 This function calls:
		_SER_Send
 This function is called by:
		_SerialInp_Process
 This function uses a non-reentrant model


 *************** function _CMDS_SetInputStr *****************
 Defined at:
		line 119 in file "Cmds.c"
 Parameters:    Size  Location     Type
  StrInp          1    wreg     PTR unsigned char 
		 -> seri_dat(21), 
 Auto vars:     Size  Location     Type
  StrInp          1    3[COMRAM] PTR unsigned char 
		 -> seri_dat(21), 
 Return value:  Size  Location     Type
		None               void
 Registers used:
		wreg, status,2, status,0
 Tracked objects:
		On entry : 
		On exit  : 
		Unchanged: 
 Data sizes:     COMRAM   BANK0   BANK1   BANK2   BANK3   BANK4   BANK5   BANK6   BANK7   BANK8   BANK9  BANK10  BANK11  BANK12  BANK13  BANK14  BANK15
      Params:         0       0       0       0       0       0       0       0       0       0       0       0       0       0       0       0       0
      Locals:         1       0       0       0       0       0       0       0       0       0       0       0       0       0       0       0       0
      Temps:          0       0       0       0       0       0       0       0       0       0       0       0       0       0       0       0       0
      Totals:         1       0       0       0       0       0       0       0       0       0       0       0       0       0       0       0       0
Total ram usage:        1 bytes
 Hardware stack levels used:    1
 Hardware stack levels required when called:    3
 This function calls:
		Nothing
 This function is called by:
		_SerialInp_Process
 This function uses a non-reentrant model


 *************** function _SerialInp_Init *****************
 Defined at:
		line 30 in file "SerialInp.c"
 Parameters:    Size  Location     Type
		None
 Auto vars:     Size  Location     Type
		None
 Return value:  Size  Location     Type
		None               void
 Registers used:
		None
 Tracked objects:
		On entry : 
		On exit  : 
		Unchanged: 
 Data sizes:     COMRAM   BANK0   BANK1   BANK2   BANK3   BANK4   BANK5   BANK6   BANK7   BANK8   BANK9  BANK10  BANK11  BANK12  BANK13  BANK14  BANK15
      Params:         0       0       0       0       0       0       0       0       0       0       0       0       0       0       0       0       0
      Locals:         0       0       0       0       0       0       0       0       0       0       0       0       0       0       0       0       0
      Temps:          0       0       0       0       0       0       0       0       0       0       0       0       0       0       0       0       0
      Totals:         0       0       0       0       0       0       0       0       0       0       0       0       0       0       0       0       0
Total ram usage:        0 bytes
 Hardware stack levels used:    1
 Hardware stack levels required when called:    3
 This function calls:
		Nothing
 This function is called by:
		_main
 This function uses a non-reentrant model


 *************** function _RTC_Init *****************
 Defined at:
		line 66 in file "RTC_ds1307.c"
 Parameters:    Size  Location     Type
		None
 Auto vars:     Size  Location     Type
		None
 Return value:  Size  Location     Type
		None               void
 Registers used:
		wreg, fsr2l, fsr2h, status,2, status,0, tblptrl, tblptrh, tblptru, cstack
 Tracked objects:
		On entry : 
		On exit  : 
		Unchanged: 
 Data sizes:     COMRAM   BANK0   BANK1   BANK2   BANK3   BANK4   BANK5   BANK6   BANK7   BANK8   BANK9  BANK10  BANK11  BANK12  BANK13  BANK14  BANK15
      Params:         0       0       0       0       0       0       0       0       0       0       0       0       0       0       0       0       0
      Locals:         0       0       0       0       0       0       0       0       0       0       0       0       0       0       0       0       0
      Temps:          0       0       0       0       0       0       0       0       0       0       0       0       0       0       0       0       0
      Totals:         0       0       0       0       0       0       0       0       0       0       0       0       0       0       0       0       0
Total ram usage:        0 bytes
 Hardware stack levels used:    1
 Hardware stack levels required when called:    4
 This function calls:
		_strcpy
 This function is called by:
		_main
 This function uses a non-reentrant model


 *************** function _PICRegs_Init_TMR0 *****************
 Defined at:
		line 87 in file "PICRegs.c"
 Parameters:    Size  Location     Type
		None
 Auto vars:     Size  Location     Type
		None
 Return value:  Size  Location     Type
		None               void
 Registers used:
		wreg, status,2
 Tracked objects:
		On entry : 
		On exit  : 
		Unchanged: 
 Data sizes:     COMRAM   BANK0   BANK1   BANK2   BANK3   BANK4   BANK5   BANK6   BANK7   BANK8   BANK9  BANK10  BANK11  BANK12  BANK13  BANK14  BANK15
      Params:         0       0       0       0       0       0       0       0       0       0       0       0       0       0       0       0       0
      Locals:         0       0       0       0       0       0       0       0       0       0       0       0       0       0       0       0       0
      Temps:          0       0       0       0       0       0       0       0       0       0       0       0       0       0       0       0       0
      Totals:         0       0       0       0       0       0       0       0       0       0       0       0       0       0       0       0       0
Total ram usage:        0 bytes
 Hardware stack levels used:    1
 Hardware stack levels required when called:    3
 This function calls:
		Nothing
 This function is called by:
		_main
 This function uses a non-reentrant model


 *************** function _PICRegs_Init_Ports *****************
 Defined at:
		line 9 in file "PICRegs.c"
 Parameters:    Size  Location     Type
		None
 Auto vars:     Size  Location     Type
		None
 Return value:  Size  Location     Type
		None               void
 Registers used:
		wreg, status,2
 Tracked objects:
		On entry : 
		On exit  : 
		Unchanged: 
 Data sizes:     COMRAM   BANK0   BANK1   BANK2   BANK3   BANK4   BANK5   BANK6   BANK7   BANK8   BANK9  BANK10  BANK11  BANK12  BANK13  BANK14  BANK15
      Params:         0       0       0       0       0       0       0       0       0       0       0       0       0       0       0       0       0
      Locals:         0       0       0       0       0       0       0       0       0       0       0       0       0       0       0       0       0
      Temps:          0       0       0       0       0       0       0       0       0       0       0       0       0       0       0       0       0
      Totals:         0       0       0       0       0       0       0       0       0       0       0       0       0       0       0       0       0
Total ram usage:        0 bytes
 Hardware stack levels used:    1
 Hardware stack levels required when called:    3
 This function calls:
		Nothing
 This function is called by:
		_main
 This function uses a non-reentrant model


 *************** function _PICRegs_Init_PortBPullups *****************
 Defined at:
		line 70 in file "PICRegs.c"
 Parameters:    Size  Location     Type
		None
 Auto vars:     Size  Location     Type
		None
 Return value:  Size  Location     Type
		None               void
 Registers used:
		None
 Tracked objects:
		On entry : 
		On exit  : 
		Unchanged: 
 Data sizes:     COMRAM   BANK0   BANK1   BANK2   BANK3   BANK4   BANK5   BANK6   BANK7   BANK8   BANK9  BANK10  BANK11  BANK12  BANK13  BANK14  BANK15
      Params:         0       0       0       0       0       0       0       0       0       0       0       0       0       0       0       0       0
      Locals:         0       0       0       0       0       0       0       0       0       0       0       0       0       0       0       0       0
      Temps:          0       0       0       0       0       0       0       0       0       0       0       0       0       0       0       0       0
      Totals:         0       0       0       0       0       0       0       0       0       0       0       0       0       0       0       0       0
Total ram usage:        0 bytes
 Hardware stack levels used:    1
 Hardware stack levels required when called:    3
 This function calls:
		Nothing
 This function is called by:
		_main
 This function uses a non-reentrant model


 *************** function _PICRegs_Init_Oscillator *****************
 Defined at:
		line 57 in file "PICRegs.c"
 Parameters:    Size  Location     Type
		None
 Auto vars:     Size  Location     Type
		None
 Return value:  Size  Location     Type
		None               void
 Registers used:
		wreg, status,2
 Tracked objects:
		On entry : 
		On exit  : 
		Unchanged: 
 Data sizes:     COMRAM   BANK0   BANK1   BANK2   BANK3   BANK4   BANK5   BANK6   BANK7   BANK8   BANK9  BANK10  BANK11  BANK12  BANK13  BANK14  BANK15
      Params:         0       0       0       0       0       0       0       0       0       0       0       0       0       0       0       0       0
      Locals:         0       0       0       0       0       0       0       0       0       0       0       0       0       0       0       0       0
      Temps:          0       0       0       0       0       0       0       0       0       0       0       0       0       0       0       0       0
[...]
      Totals:         0       0       0       0       0       0       0       0       0       0       0       0       0       0       0       0       0
Total ram usage:        0 bytes
 Hardware stack levels used:    1
 Hardware stack levels required when called:    4
 This function calls:
		_I2C_1master_SendCmd
 This function is called by:
		_cmds_A
 This function uses a non-reentrant model


 *************** function _I2C_1master_SendCmd *****************
 Defined at:
		line 97 in file "i2c_1master.c"
 Parameters:    Size  Location     Type
  dptr            2    3[COMRAM] PTR unsigned char 
		 -> rtc_rbuf(10), NULL(0), 
  wptr            2    5[COMRAM] PTR unsigned char 
		 -> rtc_wdata2(7), rtc_wdata1(1), rtc_wdata0(7), NULL(0), 
  complptr        2    7[COMRAM] PTR unsigned char 
		 -> rtc_i2c1_wcompl(1), rtc_i2c1_rcompl(1), NULL(0), 
  listptr         1    9[COMRAM] PTR struct .
		 -> rtc_regs_w1(8), rtc_regs_w0(8), rtc_registers(8), 
 Auto vars:     Size  Location     Type
  lqitem          1   11[COMRAM] PTR struct .
		 -> i2c_1_data(35), 
  retv            1    0        unsigned char 
 Return value:  Size  Location     Type
                  1    wreg      unsigned char 
 Registers used:
		wreg, fsr2l, fsr2h, status,2, status,0, prodl, prodh
 Tracked objects:
		On entry : 
		On exit  : 
		Unchanged: 
 Data sizes:     COMRAM   BANK0   BANK1   BANK2   BANK3   BANK4   BANK5   BANK6   BANK7   BANK8   BANK9  BANK10  BANK11  BANK12  BANK13  BANK14  BANK15
      Params:         7       0       0       0       0       0       0       0       0       0       0       0       0       0       0       0       0
      Locals:         2       0       0       0       0       0       0       0       0       0       0       0       0       0       0       0       0
      Temps:          0       0       0       0       0       0       0       0       0       0       0       0       0       0       0       0       0
      Totals:         9       0       0       0       0       0       0       0       0       0       0       0       0       0       0       0       0
Total ram usage:        9 bytes
 Hardware stack levels used:    1
 Hardware stack levels required when called:    3
 This function calls:
		Nothing
 This function is called by:
		_RTC_GetTime
		_RTC_SetTime_Canned
		_RTC_SetTime
 This function uses a non-reentrant model


 *************** function _SerialInp_SignalCmdDone *****************
 Defined at:
		line 95 in file "SerialInp.c"
 Parameters:    Size  Location     Type
		None
 Auto vars:     Size  Location     Type
		None
 Return value:  Size  Location     Type
		None               void
 Registers used:
		wreg, status,2
 Tracked objects:
		On entry : 
		On exit  : 
		Unchanged: 
 Data sizes:     COMRAM   BANK0   BANK1   BANK2   BANK3   BANK4   BANK5   BANK6   BANK7   BANK8   BANK9  BANK10  BANK11  BANK12  BANK13  BANK14  BANK15
      Params:         0       0       0       0       0       0       0       0       0       0       0       0       0       0       0       0       0
      Locals:         0       0       0       0       0       0       0       0       0       0       0       0       0       0       0       0       0
      Temps:          0       0       0       0       0       0       0       0       0       0       0       0       0       0       0       0       0
      Totals:         0       0       0       0       0       0       0       0       0       0       0       0       0       0       0       0       0
Total ram usage:        0 bytes
 Hardware stack levels used:    1
 Hardware stack levels required when called:    3
 This function calls:
		Nothing
 This function is called by:
		_CMDS_Process
 This function uses a non-reentrant model


 *************** function _CMDS_DisplayVersion *****************
 Defined at:
		line 108 in file "Cmds.c"
 Parameters:    Size  Location     Type
		None
 Auto vars:     Size  Location     Type
		None
 Return value:  Size  Location     Type
                  1    wreg      unsigned char 
 Registers used:
		wreg, fsr2l, fsr2h, status,2, status,0, prodl, prodh, cstack
 Tracked objects:
		On entry : 
		On exit  : 
		Unchanged: 
 Data sizes:     COMRAM   BANK0   BANK1   BANK2   BANK3   BANK4   BANK5   BANK6   BANK7   BANK8   BANK9  BANK10  BANK11  BANK12  BANK13  BANK14  BANK15
      Params:         0       0       0       0       0       0       0       0       0       0       0       0       0       0       0       0       0
      Locals:         0       0       0       0       0       0       0       0       0       0       0       0       0       0       0       0       0
      Temps:          0       0       0       0       0       0       0       0       0       0       0       0       0       0       0       0       0
      Totals:         0       0       0       0       0       0       0       0       0       0       0       0       0       0       0       0       0
Total ram usage:        0 bytes
 Hardware stack levels used:    1
 Hardware stack levels required when called:    5
 This function calls:
		_SER_Print8N
		_SER_PrintSTR
 This function is called by:
		_main
		_CMDS_Process
 This function uses a non-reentrant model


 *************** function _SER_PrintSTR *****************
 Defined at:
		line 185 in file "SerialOutp.c"
 Parameters:    Size  Location     Type
  pstr            2   12[COMRAM] PTR const unsigned char 
		 -> STR_44(4), STR_43(4), STR_42(3), STR_41(3), 
		 -> STR_40(9), STR_39(14), STR_37(14), STR_26(31), 
		 -> STR_20(33), STR_19(13), STR_4(19), STR_3(3), 
		 -> STR_1(3), 
 Auto vars:     Size  Location     Type
		None
 Return value:  Size  Location     Type
		None               void
 Registers used:
		wreg, fsr2l, fsr2h, status,2, status,0, prodl, prodh, cstack
 Tracked objects:
		On entry : 
		On exit  : 
		Unchanged: 
 Data sizes:     COMRAM   BANK0   BANK1   BANK2   BANK3   BANK4   BANK5   BANK6   BANK7   BANK8   BANK9  BANK10  BANK11  BANK12  BANK13  BANK14  BANK15
      Params:         2       0       0       0       0       0       0       0       0       0       0       0       0       0       0       0       0
      Locals:         0       0       0       0       0       0       0       0       0       0       0       0       0       0       0       0       0
      Temps:          0       0       0       0       0       0       0       0       0       0       0       0       0       0       0       0       0
      Totals:         2       0       0       0       0       0       0       0       0       0       0       0       0       0       0       0       0
Total ram usage:        2 bytes
 Hardware stack levels used:    1
 Hardware stack levels required when called:    4
 This function calls:
		_SER_Send
 This function is called by:
		_CMDS_DisplayVersion
		_cmds_T
		_cmds_ST
		_RTC_ShowTime
		_RTC_SetComplete
		_SerialInp_Process
 This function uses a non-reentrant model


 *************** function _SER_Print8N *****************
 Defined at:
		line 210 in file "SerialOutp.c"
 Parameters:    Size  Location     Type
  pstr            2   12[COMRAM] PTR const unsigned char 
		 -> STR_24(2), STR_23(3), STR_2(21), 
  val             1   14[COMRAM] unsigned char 
 Auto vars:     Size  Location     Type
		None
 Return value:  Size  Location     Type
		None               void
 Registers used:
		wreg, fsr2l, fsr2h, status,2, status,0, prodl, prodh, cstack
 Tracked objects:
		On entry : 
		On exit  : 
		Unchanged: 
 Data sizes:     COMRAM   BANK0   BANK1   BANK2   BANK3   BANK4   BANK5   BANK6   BANK7   BANK8   BANK9  BANK10  BANK11  BANK12  BANK13  BANK14  BANK15
      Params:         3       0       0       0       0       0       0       0       0       0       0       0       0       0       0       0       0
      Locals:         0       0       0       0       0       0       0       0       0       0       0       0       0       0       0       0       0
      Temps:          0       0       0       0       0       0       0       0       0       0       0       0       0       0       0       0       0
      Totals:         3       0       0       0       0       0       0       0       0       0       0       0       0       0       0       0       0
Total ram usage:        3 bytes
 Hardware stack levels used:    1
 Hardware stack levels required when called:    4
 This function calls:
		_SER_Send
 This function is called by:
		_CMDS_DisplayVersion
		_cmds_MD
 This function uses a non-reentrant model


 *************** function _SER_Send *****************
 Defined at:
		line 71 in file "SerialOutp.c"
 Parameters:    Size  Location     Type
  otype           1    wreg     unsigned char 
  sptr            2    3[COMRAM] PTR unsigned char 
		 -> STR_44(4), STR_43(4), STR_42(3), STR_41(3), 
		 -> STR_40(9), STR_39(14), STR_38(13), STR_37(14), 
		 -> rtc_sdat0(27), STR_28(11), STR_27(18), NULL(0), 
		 -> STR_26(31), STR_25(3), STR_24(2), STR_23(3), 
		 -> STR_22(3), STR_21(10), STR_20(33), STR_19(13), 
		 -> STR_17(8), STR_15(3), STR_14(3), STR_13(4), 
		 -> STR_12(4), STR_11(4), STR_10(4), STR_9(4), 
		 -> STR_8(4), STR_7(4), STR_6(4), STR_5(4), 
		 -> STR_4(19), STR_3(3), STR_2(21), STR_1(3), 
  completionpt    2    5[COMRAM] PTR unsigned char 
		 -> NULL(0), cmds_completion(1), 
  aval            2    7[COMRAM] unsigned short 
 Auto vars:     Size  Location     Type
  otype           1    9[COMRAM] unsigned char 
  lqitem          2   10[COMRAM] PTR struct .
		 -> serd_data_items(238), 
 Return value:  Size  Location     Type
		None               void
 Registers used:
		wreg, fsr2l, fsr2h, status,2, status,0, prodl, prodh
 Tracked objects:
		On entry : 
		On exit  : 
		Unchanged: 
 Data sizes:     COMRAM   BANK0   BANK1   BANK2   BANK3   BANK4   BANK5   BANK6   BANK7   BANK8   BANK9  BANK10  BANK11  BANK12  BANK13  BANK14  BANK15
      Params:         6       0       0       0       0       0       0       0       0       0       0       0       0       0       0       0       0
      Locals:         3       0       0       0       0       0       0       0       0       0       0       0       0       0       0       0       0
      Temps:          0       0       0       0       0       0       0       0       0       0       0       0       0       0       0       0       0
      Totals:         9       0       0       0       0       0       0       0       0       0       0       0       0       0       0       0       0
Total ram usage:        9 bytes
 Hardware stack levels used:    1
 Hardware stack levels required when called:    3
 This function calls:
		Nothing
 This function is called by:
		_cmds_MD
		_SER_PrintCH
		_SER_PrintSTR
		_SER_PrintSTRram
		_SER_Print16
		_SER_Print16N
		_SER_Print8
		_SER_Print8N
 This function uses a non-reentrant model


 *************** function _CMDS_Init *****************
 Defined at:
		line 41 in file "Cmds.c"
 Parameters:    Size  Location     Type
		None
 Auto vars:     Size  Location     Type
		None
 Return value:  Size  Location     Type
		None               void
 Registers used:
		wreg, status,2
 Tracked objects:
		On entry : 
		On exit  : 
		Unchanged: 
 Data sizes:     COMRAM   BANK0   BANK1   BANK2   BANK3   BANK4   BANK5   BANK6   BANK7   BANK8   BANK9  BANK10  BANK11  BANK12  BANK13  BANK14  BANK15
      Params:         0       0       0       0       0       0       0       0       0       0       0       0       0       0       0       0       0
      Locals:         0       0       0       0       0       0       0       0       0       0       0       0       0       0       0       0       0
      Temps:          0       0       0       0       0       0       0       0       0       0       0       0       0       0       0       0       0
      Totals:         0       0       0       0       0       0       0       0       0       0       0       0       0       0       0       0       0
Total ram usage:        0 bytes
 Hardware stack levels used:    1
 Hardware stack levels required when called:    3
 This function calls:
		Nothing
 This function is called by:
		_main
 This function uses a non-reentrant model


 *************** function _LowISR *****************
 Defined at:
		line 55 in file "main.c"
 Parameters:    Size  Location     Type
		None
 Auto vars:     Size  Location     Type
		None
 Return value:  Size  Location     Type
		None               void
 Registers used:
		wreg, status,2, status,0, cstack
 Tracked objects:
		On entry : 
		On exit  : 
		Unchanged: 
 Data sizes:     COMRAM   BANK0   BANK1   BANK2   BANK3   BANK4   BANK5   BANK6   BANK7   BANK8   BANK9  BANK10  BANK11  BANK12  BANK13  BANK14  BANK15
      Params:         0       0       0       0       0       0       0       0       0       0       0       0       0       0       0       0       0
      Locals:         0       0       0       0       0       0       0       0       0       0       0       0       0       0       0       0       0
      Temps:          3       0       0       0       0       0       0       0       0       0       0       0       0       0       0       0       0
      Totals:         3       0       0       0       0       0       0       0       0       0       0       0       0       0       0       0       0
Total ram usage:        3 bytes
 Hardware stack levels used:    1
 Hardware stack levels required when called:    2
 This function calls:
		_TIM_1ms_Interrupt
 This function is called by:
		Interrupt level 1
 This function uses a non-reentrant model


 *************** function _TIM_1ms_Interrupt *****************
 Defined at:
		line 60 in file "Timer.c"
 Parameters:    Size  Location     Type
		None
 Auto vars:     Size  Location     Type
		None
 Return value:  Size  Location     Type
		None               void
 Registers used:
		status,2, status,0
 Tracked objects:
		On entry : 
		On exit  : 
		Unchanged: 
 Data sizes:     COMRAM   BANK0   BANK1   BANK2   BANK3   BANK4   BANK5   BANK6   BANK7   BANK8   BANK9  BANK10  BANK11  BANK12  BANK13  BANK14  BANK15
      Params:         0       0       0       0       0       0       0       0       0       0       0       0       0       0       0       0       0
      Locals:         0       0       0       0       0       0       0       0       0       0       0       0       0       0       0       0       0
      Temps:          0       0       0       0       0       0       0       0       0       0       0       0       0       0       0       0       0
      Totals:         0       0       0       0       0       0       0       0       0       0       0       0       0       0       0       0       0
Total ram usage:        0 bytes
 Hardware stack levels used:    1
 Hardware stack levels required when called:    1
 This function calls:
		Nothing
 This function is called by:
		_LowISR
 This function uses a non-reentrant model


 *************** function _HighIsr *****************
 Defined at:
		line 67 in file "main.c"
 Parameters:    Size  Location     Type
		None
 Auto vars:     Size  Location     Type
		None
 Return value:  Size  Location     Type
		None               void
 Registers used:
		None
 Tracked objects:
		On entry : 
		On exit  : 
		Unchanged: 
 Data sizes:     COMRAM   BANK0   BANK1   BANK2   BANK3   BANK4   BANK5   BANK6   BANK7   BANK8   BANK9  BANK10  BANK11  BANK12  BANK13  BANK14  BANK15
      Params:         0       0       0       0       0       0       0       0       0       0       0       0       0       0       0       0       0
      Locals:         0       0       0       0       0       0       0       0       0       0       0       0       0       0       0       0       0
      Temps:          0       0       0       0       0       0       0       0       0       0       0       0       0       0       0       0       0
      Totals:         0       0       0       0       0       0       0       0       0       0       0       0       0       0       0       0       0
Total ram usage:        0 bytes
 Hardware stack levels used:    1
 This function calls:
		Nothing
 This function is called by:
		Interrupt level 2
 This function uses a non-reentrant model



MODULE INFORMATION

Module		Function		Class		Link	Load	Size
PICRegs.c
		_PICRegs_Init_Ports		CODE           	0F72	0000	81
		_PICRegs_Init_Interrupts		CODE           	13B4	0000	9
		_PICRegs_Init_Oscillator		CODE           	1362	0000	21
		_PICRegs_Init_EUSART1		CODE           	121C	0000	33
		_PICRegs_Init_I2C1		CODE           	1320	0000	23
		_PICRegs_Init_TMR0		CODE           	123C	0000	31
		_PICRegs_Init_PortBPullups		CODE           	13C2	0000	7

PICRegs.c estimated size: 205

Timer.c
		_TIM_1ms_Interrupt		CODE           	13D6	0000	5
		_TIM_Init      		CODE           	13CE	0000	5
		_TIM_GetTickB  		CODE           	13D2	0000	5
		_TIM_GetDeltaB 		CODE           	139E	0000	13

Timer.c estimated size: 28

Cmds.c
		_CMDS_SetInputStr		CODE           	1376	0000	15
		_cmds_R        		CODE           	057A	0000	297
		_cmds_MD       		CODE           	088C	0000	207
		_cmds_ST       		CODE           	0DF8	0000	111
		_cmds_A        		CODE           	117C	0000	45
		_CMDS_Init     		CODE           	12F2	0000	25
		_CMDS_Process  		CODE           	06A2	0000	263
		_cmds_T        		CODE           	0B7A	0000	167
		_CMDS_DisplayVersion		CODE           	1090	0000	55
		_cmds_Z        		CODE           	1124	0000	45

Cmds.c estimated size: 1230

i2c_1master.c
		_I2C_1master_SendCmd		CODE           	0D16	0000	115
		_i2c_1_do_write_substate		CODE           	0D88	0000	113
		_I2C_1master_Process		CODE           	004C	0000	735
		_i2c_1_do_read_substate		CODE           	0CA2	0000	117
		_i2c_1_bus_collision		CODE           	1392	0000	13
		_I2C_1master_Init		CODE           	125A	0000	27

i2c_1master.c estimated size: 1120

C:\Program Files (x86)\Microchip\xc8\v1.35\sources\common\strlen.c
		_strlen        		CODE           	11A8	0000	41

C:\Program Files (x86)\Microchip\xc8\v1.35\sources\common\strlen.c estimated size: 41

C:\Program Files (x86)\Microchip\xc8\v1.35\sources\common\strcpy.c
		_strcpy        		CODE           	11D0	0000	41

C:\Program Files (x86)\Microchip\xc8\v1.35\sources\common\strcpy.c estimated size: 41

C:\Program Files (x86)\Microchip\xc8\v1.35\sources\common\memset.c
		_memset        		CODE           	11F8	0000	37

C:\Program Files (x86)\Microchip\xc8\v1.35\sources\common\memset.c estimated size: 37

SerialOutp.c
		_SerialOutp_Process		CODE           	032A	0000	593
		_SER_Print8    		CODE           	12C2	0000	25
		_SER_Print16   		CODE           	1274	0000	27
		_SER_PrintCH   		CODE           	130A	0000	23
		_SER_Print8N   		CODE           	12DA	0000	25
		_SER_Print16N  		CODE           	128E	0000	27
		_SER_PrintSTR  		CODE           	134C	0000	23
		_SerialOutp_Init		CODE           	13AA	0000	11
		_SER_Send      		CODE           	0C20	0000	131
		_SER_PrintSTRram		CODE           	1336	0000	23

SerialOutp.c estimated size: 908

SerialInp.c
		_SerialInp_Init		CODE           	13BC	0000	7
		_SerialInp_Process		CODE           	095A	0000	195
		_SerialInp_SignalCmdDone		CODE           	13C8	0000	7

SerialInp.c estimated size: 209

Misc.c
		_BtoHnz        		CODE           	10C6	0000	49
		_BtoH          		CODE           	1054	0000	61
		_AtoI          		CODE           	0A1C	0000	181
		_ItoH          		CODE           	0ECA	0000	87
		_HtoU16        		CODE           	07A8	0000	229

Misc.c estimated size: 607

shared
		__initialization		CODE           	0F20	0000	69

shared estimated size: 69

main.c
		_HighIsr       		CODE           	0008	0000	11
		_LowISR        		CODE           	0018	0000	49
		_main          		CODE           	0E66	0000	101

main.c estimated size: 161

RTC_ds1307.c
		_RTC_SetComplete		CODE           	1150	0000	45
		_RTC_ShowTime  		CODE           	0AD0	0000	171
		_RTC_Init      		CODE           	1384	0000	15
		_RTC_GetTime   		CODE           	12A8	0000	27
		_RTC_SetTime   		CODE           	0FC2	0000	79
		_RTC_SetTime_Canned		CODE           	10F6	0000	47

RTC_ds1307.c estimated size: 384

